F                                                                        [100%]
=================================== FAILURES ===================================
______________________ test_session_and_result_persisted _______________________

    def test_session_and_result_persisted():
        client = TestClient(app)
    
        # Start a session
        r = client.post("/api/v1/startup/session/start", json={"industry_key": "4"})
        assert r.status_code == 200, r.text
        q = r.json()
        assert "session_id" in q
        session_id = q["session_id"]
    
        # Submit an answer
        answer_payload = {
            "session_industry_key": "4",
            "session_id": session_id,
            "node_id": q["node_id"],
            "selected_option_index": 0,
            "transcript_so_far": [],
        }
        r2 = client.post("/api/v1/startup/session/answer", json=answer_payload)
>       assert r2.status_code == 200, r2.text
E       AssertionError: {"detail":{"code":"INVALID_ANSWER","message":"Company description required."}}
E       assert 400 == 200
E        +  where 400 = <Response [400 Bad Request]>.status_code

services/classification_service/tests/test_persistence.py:30: AssertionError
----------------------------- Captured stdout call -----------------------------
{"operation": "POST /api/v1/startup/session/start", "latency_ms": 254.42, "status_code": 200, "event": "request_completed", "service": "classification_service", "correlation_id": "2253f2f3-f0d4-4bb5-af03-c210ae0478c7", "timestamp": "2026-06-23T10:18:31.861497Z", "level": "info"}
{"operation": "POST /api/v1/startup/session/answer", "latency_ms": 3.89, "status_code": 400, "event": "request_completed", "service": "classification_service", "correlation_id": "1596027c-3482-4bff-a73d-3b326ad22f5f", "timestamp": "2026-06-23T10:18:31.873024Z", "level": "info"}
=============================== warnings summary ===============================
.venv/lib/python3.12/site-packages/_pytest/config/__init__.py:1464
  /home/mohanned/Desktop/Projects/AINS/Massar/Massar/.venv/lib/python3.12/site-packages/_pytest/config/__init__.py:1464: PytestConfigWarning: Unknown config option: asyncio_mode
  
    self._warn_or_fail_if_strict(f"Unknown config option: {key}\n")

.venv/lib/python3.12/site-packages/fastapi/testclient.py:1
  /home/mohanned/Desktop/Projects/AINS/Massar/Massar/.venv/lib/python3.12/site-packages/fastapi/testclient.py:1: StarletteDeprecationWarning: Using `httpx` with `starlette.testclient` is deprecated; install `httpx2` instead.
    from starlette.testclient import TestClient as TestClient  # noqa

-- Docs: https://docs.pytest.org/en/stable/how-to/capture-warnings.html
=========================== short test summary info ============================
FAILED services/classification_service/tests/test_persistence.py::test_session_and_result_persisted
1 failed, 2 warnings in 1.92s
